---
source: tests/lockfile.rs
expression: "lockfile(\"lock-full\").to_kdl()"
---
lock version=1 generated="2024-06-01T12:00:00Z"
target proxy path="./run/proxy" {
    platform velocity {
        resolved velocity version="3.4.0" build="463"
    }
    runtime github "adoptium/temurin21-binaries" asset=OpenJDK21U-jdk_x64_linux_hotspot_*.tar.gz {
        resolved github "adoptium/temurin21-binaries" tag=jdk-21.0.4+7 asset=OpenJDK21U-jdk_x64_linux_hotspot_21.0.4_7.tar.gz
        artifact "jdk/release" hash=abcdef size=1
    }
    use papermc velocity version=latest {
        resolved papermc velocity version="3.4.0" build="463"
        artifact velocity-3.4.0.jar hash=abcdef size=123456
    }
    use modrinth luckperms version=latest {
        resolved modrinth luckperms version="5.4.102"
        dir plugins
        download "https://cdn.modrinth.com/data/Vebnzrzj/versions/abc/LuckPerms-Velocity-5.4.102.jar" sha1=fc8bb9919fa77c670b7ed5c284bcb66770ea71fc size=123456
        artifact "plugins/luckperms-velocity-5.4.102.jar" hash=abcdef size=123456
    }
    package customplugin identity=abcdef {
        artifact "plugins/customplugin.jar" hash=abcdef size=654321
    }
}
target empty path="./run/empty"
target smp path="./run/smp" type=server {
    include mrpack "https://example.com/Pack-1.2.mrpack" {
        resolved mrpack "https://example.com/Pack-1.2.mrpack" sha512="0123456789abcdef0123456789abcdef0123456789abcdef0123456789abcdef0123456789abcdef0123456789abcdef0123456789abcdef0123456789abcdef"
        download "https://cdn.modrinth.com/data/gvQqBUqZ/versions/abc/lithium-0.12.jar" path="mods/lithium.jar" sha1=fc8bb9919fa77c670b7ed5c284bcb66770ea71fc size=1024
        artifact "config/server.toml" hash=abcdef size=12
    }
}
