---
source: tests/parse.rs
expression: "parse(\"platform\")"
---
Manifest {
    root: Group {
        label: None,
        platforms: [],
        runtimes: [],
        includes: [],
        directories: [],
        targets: [
            Target {
                name: "plain",
                path: Some(
                    "./run/plain",
                ),
                kind: Files,
            },
        ],
        subgroups: [
            Group {
                label: Some(
                    "proxy",
                ),
                platforms: [
                    Velocity(
                        VelocityPlatform {
                            version: None,
                            build: None,
                        },
                    ),
                ],
                runtimes: [],
                includes: [],
                directories: [],
                targets: [
                    Target {
                        name: "proxy",
                        path: Some(
                            "./run/proxy",
                        ),
                        kind: Server,
                    },
                ],
                subgroups: [],
            },
            Group {
                label: Some(
                    "survival",
                ),
                platforms: [
                    Minecraft(
                        MinecraftPlatform {
                            version: Some(
                                "1.21.1",
                            ),
                        },
                    ),
                    Fabric(
                        FabricPlatform {
                            loader: Some(
                                "0.16.5",
                            ),
                        },
                    ),
                ],
                runtimes: [],
                includes: [],
                directories: [],
                targets: [
                    Target {
                        name: "smp-pack",
                        path: Some(
                            "./run/smp-packwiz",
                        ),
                        kind: Packwiz,
                    },
                ],
                subgroups: [
                    Group {
                        label: Some(
                            "smp-server",
                        ),
                        platforms: [],
                        runtimes: [],
                        includes: [],
                        directories: [],
                        targets: [
                            Target {
                                name: "smp",
                                path: Some(
                                    "./run/smp",
                                ),
                                kind: Server,
                            },
                        ],
                        subgroups: [],
                    },
                ],
            },
        ],
    },
}
