---
source: tests/parse.rs
expression: "parse(\"dir-scoped-files\")"
---
Manifest {
    root: Group {
        label: None,
        platforms: [],
        runtimes: [],
        directories: [
            Directory {
                path: Some(
                    "plugins/LuckPerms",
                ),
                addons: [],
                packages: [],
                copies: [
                    CopyFile {
                        from: "config/luckperms.yml",
                        to: "config.yml",
                        overwrite: false,
                    },
                ],
                symlinks: [],
            },
            Directory {
                path: Some(
                    "plugins/spark",
                ),
                addons: [],
                packages: [],
                copies: [
                    CopyFile {
                        from: "config/spark.yml",
                        to: "config.yml",
                        overwrite: false,
                    },
                ],
                symlinks: [],
            },
        ],
        targets: [
            Target {
                name: "smp",
                path: Some(
                    "./run/smp",
                ),
                kind: Server,
            },
        ],
        subgroups: [],
    },
}
