---
source: tests/parse.rs
expression: "parse(\"nested-groups\")"
---
Manifest {
    root: Group {
        label: None,
        platforms: [],
        runtimes: [],
        directories: [],
        targets: [],
        subgroups: [
            Group {
                label: Some(
                    "infra",
                ),
                platforms: [],
                runtimes: [],
                directories: [],
                targets: [],
                subgroups: [
                    Group {
                        label: Some(
                            "proxy",
                        ),
                        platforms: [],
                        runtimes: [],
                        directories: [],
                        targets: [],
                        subgroups: [
                            Group {
                                label: Some(
                                    "velocity",
                                ),
                                platforms: [],
                                runtimes: [],
                                directories: [
                                    Directory {
                                        path: Some(
                                            "plugins",
                                        ),
                                        presets: [
                                            Preset {
                                                identifier: "modrinth:luckperms",
                                                version: Some(
                                                    "latest",
                                                ),
                                            },
                                        ],
                                        packages: [],
                                        copies: [],
                                        symlinks: [],
                                    },
                                ],
                                targets: [
                                    Target {
                                        name: "velocity",
                                        path: Some(
                                            "./run/velocity",
                                        ),
                                        kind: Server,
                                    },
                                ],
                                subgroups: [],
                            },
                        ],
                    },
                ],
            },
        ],
    },
}
