---
source: tests/parse.rs
expression: "parse(\"full-mcman\")"
---
Manifest {
    root: Group {
        label: None,
        platforms: [],
        runtimes: [],
        directories: [],
        targets: [],
        subgroups: [
            Group {
                label: Some(
                    "proxy",
                ),
                platforms: [
                    Velocity(
                        VelocityPlatform,
                    ),
                ],
                runtimes: [],
                directories: [
                    Directory {
                        path: Some(
                            "plugins",
                        ),
                        addons: [
                            Modrinth(
                                ModrinthAddon {
                                    project: ModrinthProjectId(
                                        "luckperms",
                                    ),
                                    version: Some(
                                        Latest,
                                    ),
                                },
                            ),
                            Modrinth(
                                ModrinthAddon {
                                    project: ModrinthProjectId(
                                        "velocity-viasneak",
                                    ),
                                    version: Some(
                                        Latest,
                                    ),
                                },
                            ),
                        ],
                        packages: [],
                        copies: [],
                        symlinks: [],
                    },
                    Directory {
                        path: None,
                        addons: [
                            PaperMc(
                                PaperMcAddon {
                                    project: "velocity",
                                    version: Some(
                                        Latest,
                                    ),
                                },
                            ),
                        ],
                        packages: [],
                        copies: [],
                        symlinks: [],
                    },
                ],
                targets: [
                    Target {
                        name: "proxy",
                        path: Some(
                            "./run/proxy",
                        ),
                        kind: Server,
                    },
                ],
                subgroups: [],
            },
            Group {
                label: Some(
                    "game-servers",
                ),
                platforms: [],
                runtimes: [],
                directories: [
                    Directory {
                        path: Some(
                            "plugins",
                        ),
                        addons: [
                            Modrinth(
                                ModrinthAddon {
                                    project: ModrinthProjectId(
                                        "luckperms",
                                    ),
                                    version: Some(
                                        Latest,
                                    ),
                                },
                            ),
                            Modrinth(
                                ModrinthAddon {
                                    project: ModrinthProjectId(
                                        "spark",
                                    ),
                                    version: Some(
                                        Latest,
                                    ),
                                },
                            ),
                        ],
                        packages: [],
                        copies: [],
                        symlinks: [],
                    },
                ],
                targets: [],
                subgroups: [
                    Group {
                        label: Some(
                            "lobby",
                        ),
                        platforms: [
                            Paper(
                                PaperPlatform {
                                    minecraft: "1.21.1",
                                },
                            ),
                        ],
                        runtimes: [],
                        directories: [
                            Directory {
                                path: Some(
                                    "plugins",
                                ),
                                addons: [
                                    Modrinth(
                                        ModrinthAddon {
                                            project: ModrinthProjectId(
                                                "fastasyncworldedit",
                                            ),
                                            version: Some(
                                                Latest,
                                            ),
                                        },
                                    ),
                                ],
                                packages: [
                                    Package {
                                        label: Some(
                                            "customplugin",
                                        ),
                                        sources: [
                                            Git(
                                                Git {
                                                    url: "https://github.com/example/customplugin.git",
                                                    path: None,
                                                },
                                            ),
                                        ],
                                        build: Some(
                                            PackageBuild {
                                                tasks: [
                                                    Execute(
                                                        ExecuteTask {
                                                            program: "gradlew",
                                                            arguments: [
                                                                "build",
                                                            ],
                                                            directory: Some(
                                                                ".",
                                                            ),
                                                        },
                                                    ),
                                                ],
                                            },
                                        ),
                                        artifacts: [
                                            PackageArtifact {
                                                from: "build/libs/customplugin.jar",
                                                to: None,
                                            },
                                        ],
                                    },
                                ],
                                copies: [],
                                symlinks: [],
                            },
                            Directory {
                                path: None,
                                addons: [
                                    PaperMc(
                                        PaperMcAddon {
                                            project: "paper",
                                            version: None,
                                        },
                                    ),
                                ],
                                packages: [],
                                copies: [],
                                symlinks: [],
                            },
                        ],
                        targets: [
                            Target {
                                name: "lobby",
                                path: Some(
                                    "./run/lobby",
                                ),
                                kind: Server,
                            },
                        ],
                        subgroups: [],
                    },
                    Group {
                        label: Some(
                            "smp",
                        ),
                        platforms: [
                            Fabric(
                                FabricPlatform {
                                    minecraft: "1.21.1",
                                    loader: Some(
                                        "latest",
                                    ),
                                },
                            ),
                        ],
                        runtimes: [],
                        directories: [
                            Directory {
                                path: Some(
                                    "mods",
                                ),
                                addons: [
                                    Modrinth(
                                        ModrinthAddon {
                                            project: ModrinthProjectId(
                                                "create",
                                            ),
                                            version: Some(
                                                Latest,
                                            ),
                                        },
                                    ),
                                ],
                                packages: [],
                                copies: [],
                                symlinks: [],
                            },
                        ],
                        targets: [
                            Target {
                                name: "smp-pack",
                                path: Some(
                                    "./run/smp-packwiz",
                                ),
                                kind: Packwiz,
                            },
                        ],
                        subgroups: [
                            Group {
                                label: Some(
                                    "smp-server",
                                ),
                                platforms: [],
                                runtimes: [],
                                directories: [
                                    Directory {
                                        path: None,
                                        addons: [
                                            Fabric(
                                                FabricAddon {
                                                    name: "fabric",
                                                    version: None,
                                                },
                                            ),
                                        ],
                                        packages: [],
                                        copies: [],
                                        symlinks: [],
                                    },
                                ],
                                targets: [
                                    Target {
                                        name: "smp-server",
                                        path: Some(
                                            "./run/smp",
                                        ),
                                        kind: Server,
                                    },
                                ],
                                subgroups: [],
                            },
                        ],
                    },
                ],
            },
        ],
    },
}
