---
source: tests/parse.rs
expression: "parse(\"addon\")"
---
Manifest {
    root: Group {
        label: None,
        platforms: [],
        runtimes: [],
        directories: [
            Directory {
                path: Some(
                    "plugins",
                ),
                addons: [
                    Modrinth(
                        ModrinthAddon {
                            project: ModrinthProjectId(
                                "luckperms",
                            ),
                            version: Some(
                                Latest,
                            ),
                        },
                    ),
                ],
                packages: [],
                copies: [],
                symlinks: [],
            },
            Directory {
                path: Some(
                    "mods",
                ),
                addons: [
                    Fabric(
                        FabricAddon {
                            name: "fabric",
                            version: Some(
                                Exact(
                                    "0.16.5",
                                ),
                            ),
                        },
                    ),
                    Modrinth(
                        ModrinthAddon {
                            project: ModrinthProjectId(
                                "create",
                            ),
                            version: Some(
                                Beta,
                            ),
                        },
                    ),
                    Modrinth(
                        ModrinthAddon {
                            project: ModrinthProjectId(
                                "sodium",
                            ),
                            version: Some(
                                Alpha,
                            ),
                        },
                    ),
                    Modrinth(
                        ModrinthAddon {
                            project: ModrinthProjectId(
                                "a:b",
                            ),
                            version: None,
                        },
                    ),
                ],
                packages: [],
                copies: [],
                symlinks: [],
            },
            Directory {
                path: None,
                addons: [
                    PaperMc(
                        PaperMcAddon {
                            project: "paper",
                            version: None,
                        },
                    ),
                ],
                packages: [],
                copies: [],
                symlinks: [],
            },
        ],
        targets: [
            Target {
                name: "smp",
                path: Some(
                    "./run/smp",
                ),
                kind: Server,
            },
        ],
        subgroups: [],
    },
}
