---
source: tests/parse.rs
expression: "parse(\"multi-dir\")"
---
Manifest {
    root: Group {
        label: None,
        platforms: [],
        runtimes: [],
        directories: [
            Directory {
                path: Some(
                    "mods",
                ),
                addons: [
                    Modrinth(
                        ModrinthAddon {
                            project: ModrinthProjectId(
                                "fabric-api",
                            ),
                            version: Some(
                                Latest,
                            ),
                        },
                    ),
                    Modrinth(
                        ModrinthAddon {
                            project: ModrinthProjectId(
                                "sodium",
                            ),
                            version: Some(
                                Latest,
                            ),
                        },
                    ),
                ],
                packages: [],
                copies: [],
                symlinks: [],
            },
            Directory {
                path: Some(
                    "config",
                ),
                addons: [
                    Modrinth(
                        ModrinthAddon {
                            project: ModrinthProjectId(
                                "cloth-config",
                            ),
                            version: Some(
                                Latest,
                            ),
                        },
                    ),
                ],
                packages: [],
                copies: [],
                symlinks: [],
            },
            Directory {
                path: Some(
                    "plugins",
                ),
                addons: [
                    Modrinth(
                        ModrinthAddon {
                            project: ModrinthProjectId(
                                "spark",
                            ),
                            version: Some(
                                Latest,
                            ),
                        },
                    ),
                ],
                packages: [],
                copies: [],
                symlinks: [],
            },
        ],
        targets: [
            Target {
                name: "modded",
                path: Some(
                    "./run/modded",
                ),
                kind: Server,
            },
        ],
        subgroups: [],
    },
}
