---
source: tests/plan.rs
expression: "plan(\"inheritance\")"
---
Plan {
    targets: [
        TargetPlan {
            target: Target {
                name: "lobby",
                path: Some(
                    "./run/lobby",
                ),
                kind: Server,
            },
            platform: None,
            runtimes: [],
            directories: [
                Directory {
                    path: Some(
                        "plugins",
                    ),
                    addons: [
                        Modrinth(
                            ModrinthAddon {
                                project: ModrinthProjectId(
                                    "luckperms",
                                ),
                                version: Some(
                                    Exact(
                                        "5.4.0",
                                    ),
                                ),
                            },
                        ),
                        Modrinth(
                            ModrinthAddon {
                                project: ModrinthProjectId(
                                    "spark",
                                ),
                                version: Some(
                                    Exact(
                                        "1.10",
                                    ),
                                ),
                            },
                        ),
                        Modrinth(
                            ModrinthAddon {
                                project: ModrinthProjectId(
                                    "fastasyncworldedit",
                                ),
                                version: Some(
                                    Latest,
                                ),
                            },
                        ),
                    ],
                    packages: [],
                    copies: [],
                    symlinks: [],
                },
            ],
        },
        TargetPlan {
            target: Target {
                name: "smp",
                path: Some(
                    "./run/smp",
                ),
                kind: Server,
            },
            platform: None,
            runtimes: [],
            directories: [
                Directory {
                    path: Some(
                        "plugins",
                    ),
                    addons: [
                        Modrinth(
                            ModrinthAddon {
                                project: ModrinthProjectId(
                                    "luckperms",
                                ),
                                version: Some(
                                    Exact(
                                        "5.4.0",
                                    ),
                                ),
                            },
                        ),
                        Modrinth(
                            ModrinthAddon {
                                project: ModrinthProjectId(
                                    "spark",
                                ),
                                version: Some(
                                    Exact(
                                        "1.10",
                                    ),
                                ),
                            },
                        ),
                    ],
                    packages: [],
                    copies: [],
                    symlinks: [],
                },
            ],
        },
    ],
    warnings: [
        GroupWithoutTarget {
            label: Some(
                "unreachable",
            ),
        },
    ],
}
