---
source: tests/plan.rs
expression: "plan(\"inheritance\")"
---
Plan {
    targets: [
        TargetPlan {
            target: Target {
                name: "lobby",
                path: Some(
                    "./run/lobby",
                ),
                kind: Server,
            },
            platform: None,
            runtimes: [],
            directories: [
                Directory {
                    path: Some(
                        "plugins",
                    ),
                    addons: [
                        Modrinth(
                            ModrinthAddon {
                                id: "luckperms",
                                version: Some(
                                    "5.4.0",
                                ),
                                files: [],
                            },
                        ),
                        Modrinth(
                            ModrinthAddon {
                                id: "spark",
                                version: Some(
                                    "1.10",
                                ),
                                files: [],
                            },
                        ),
                        Modrinth(
                            ModrinthAddon {
                                id: "fastasyncworldedit",
                                version: Some(
                                    "latest",
                                ),
                                files: [],
                            },
                        ),
                    ],
                    packages: [],
                    copies: [],
                    symlinks: [],
                },
            ],
        },
        TargetPlan {
            target: Target {
                name: "smp",
                path: Some(
                    "./run/smp",
                ),
                kind: Server,
            },
            platform: None,
            runtimes: [],
            directories: [
                Directory {
                    path: Some(
                        "plugins",
                    ),
                    addons: [
                        Modrinth(
                            ModrinthAddon {
                                id: "luckperms",
                                version: Some(
                                    "5.4.0",
                                ),
                                files: [],
                            },
                        ),
                        Modrinth(
                            ModrinthAddon {
                                id: "spark",
                                version: Some(
                                    "1.10",
                                ),
                                files: [],
                            },
                        ),
                    ],
                    packages: [],
                    copies: [],
                    symlinks: [],
                },
            ],
        },
    ],
    warnings: [
        GroupWithoutTarget {
            label: Some(
                "unreachable",
            ),
        },
    ],
}
