---
source: tests/plan.rs
expression: "plan(\"full-mcman\")"
---
Plan {
    targets: [
        TargetPlan {
            target: Target {
                name: "proxy",
                path: Some(
                    "./run/proxy",
                ),
                kind: Server,
            },
            platform: Some(
                Velocity(
                    VelocityPlatform {
                        version: None,
                        build: None,
                    },
                ),
            ),
            runtimes: [],
            directories: [
                Directory {
                    path: Some(
                        "plugins",
                    ),
                    addons: [
                        Modrinth(
                            ModrinthAddon {
                                id: "luckperms",
                                version: Some(
                                    "latest",
                                ),
                                files: [],
                            },
                        ),
                        Modrinth(
                            ModrinthAddon {
                                id: "velocity-viasneak",
                                version: Some(
                                    "latest",
                                ),
                                files: [],
                            },
                        ),
                    ],
                    packages: [],
                    copies: [],
                    symlinks: [],
                },
                Directory {
                    path: None,
                    addons: [
                        PaperMc(
                            PaperMcAddon {
                                project: "velocity",
                                version: Some(
                                    "latest",
                                ),
                                build: None,
                            },
                        ),
                    ],
                    packages: [],
                    copies: [],
                    symlinks: [],
                },
            ],
        },
        TargetPlan {
            target: Target {
                name: "lobby",
                path: Some(
                    "./run/lobby",
                ),
                kind: Server,
            },
            platform: Some(
                Paper(
                    PaperPlatform {
                        minecraft: Some(
                            "1.21.1",
                        ),
                        build: None,
                    },
                ),
            ),
            runtimes: [],
            directories: [
                Directory {
                    path: Some(
                        "plugins",
                    ),
                    addons: [
                        Modrinth(
                            ModrinthAddon {
                                id: "luckperms",
                                version: Some(
                                    "latest",
                                ),
                                files: [],
                            },
                        ),
                        Modrinth(
                            ModrinthAddon {
                                id: "spark",
                                version: Some(
                                    "latest",
                                ),
                                files: [],
                            },
                        ),
                        Modrinth(
                            ModrinthAddon {
                                id: "fastasyncworldedit",
                                version: Some(
                                    "latest",
                                ),
                                files: [],
                            },
                        ),
                    ],
                    packages: [
                        Package {
                            label: Some(
                                "customplugin",
                            ),
                            sources: [
                                Git(
                                    Git {
                                        url: "https://github.com/example/customplugin.git",
                                        path: None,
                                    },
                                ),
                            ],
                            build: Some(
                                PackageBuild {
                                    tasks: [
                                        Execute(
                                            ExecuteTask {
                                                program: "gradlew",
                                                arguments: [
                                                    "build",
                                                ],
                                                directory: Some(
                                                    ".",
                                                ),
                                            },
                                        ),
                                    ],
                                },
                            ),
                            artifacts: [
                                PackageArtifact {
                                    from: "build/libs/customplugin.jar",
                                    to: None,
                                },
                            ],
                        },
                    ],
                    copies: [],
                    symlinks: [],
                },
                Directory {
                    path: None,
                    addons: [
                        PaperMc(
                            PaperMcAddon {
                                project: "paper",
                                version: None,
                                build: None,
                            },
                        ),
                    ],
                    packages: [],
                    copies: [],
                    symlinks: [],
                },
            ],
        },
        TargetPlan {
            target: Target {
                name: "smp-pack",
                path: Some(
                    "./run/smp-packwiz",
                ),
                kind: Packwiz,
            },
            platform: Some(
                Fabric(
                    FabricPlatform {
                        minecraft: Some(
                            "1.21.1",
                        ),
                        loader: Some(
                            "latest",
                        ),
                    },
                ),
            ),
            runtimes: [],
            directories: [
                Directory {
                    path: Some(
                        "plugins",
                    ),
                    addons: [
                        Modrinth(
                            ModrinthAddon {
                                id: "luckperms",
                                version: Some(
                                    "latest",
                                ),
                                files: [],
                            },
                        ),
                        Modrinth(
                            ModrinthAddon {
                                id: "spark",
                                version: Some(
                                    "latest",
                                ),
                                files: [],
                            },
                        ),
                    ],
                    packages: [],
                    copies: [],
                    symlinks: [],
                },
                Directory {
                    path: Some(
                        "mods",
                    ),
                    addons: [
                        Modrinth(
                            ModrinthAddon {
                                id: "create",
                                version: Some(
                                    "latest",
                                ),
                                files: [],
                            },
                        ),
                    ],
                    packages: [],
                    copies: [],
                    symlinks: [],
                },
            ],
        },
        TargetPlan {
            target: Target {
                name: "smp-server",
                path: Some(
                    "./run/smp",
                ),
                kind: Server,
            },
            platform: Some(
                Fabric(
                    FabricPlatform {
                        minecraft: Some(
                            "1.21.1",
                        ),
                        loader: Some(
                            "latest",
                        ),
                    },
                ),
            ),
            runtimes: [],
            directories: [
                Directory {
                    path: Some(
                        "plugins",
                    ),
                    addons: [
                        Modrinth(
                            ModrinthAddon {
                                id: "luckperms",
                                version: Some(
                                    "latest",
                                ),
                                files: [],
                            },
                        ),
                        Modrinth(
                            ModrinthAddon {
                                id: "spark",
                                version: Some(
                                    "latest",
                                ),
                                files: [],
                            },
                        ),
                    ],
                    packages: [],
                    copies: [],
                    symlinks: [],
                },
                Directory {
                    path: Some(
                        "mods",
                    ),
                    addons: [
                        Modrinth(
                            ModrinthAddon {
                                id: "create",
                                version: Some(
                                    "latest",
                                ),
                                files: [],
                            },
                        ),
                    ],
                    packages: [],
                    copies: [],
                    symlinks: [],
                },
                Directory {
                    path: None,
                    addons: [
                        FabricLoader(
                            FabricLoaderAddon {
                                loader: None,
                                installer: None,
                            },
                        ),
                    ],
                    packages: [],
                    copies: [],
                    symlinks: [],
                },
            ],
        },
    ],
    warnings: [],
}
